-- ===================================================================
-- test utility statement functionality
-- ===================================================================
CREATE TABLE sharded_table ( name text, id bigint );
SELECT master_create_distributed_table('sharded_table', 'id');
 master_create_distributed_table 
---------------------------------
 
(1 row)

-- cursors may not involve distributed tables
DECLARE all_sharded_rows CURSOR FOR SELECT * FROM sharded_table;
ERROR:  cannot perform distributed planning for the given query
DETAIL:  Utility commands are not supported in distributed queries.
-- EXPLAIN support isn't implemented
EXPLAIN SELECT * FROM sharded_table;
ERROR:  EXPLAIN commands on distributed tables are unsupported
-- PREPARE support isn't implemented
PREPARE sharded_query (bigint) AS SELECT * FROM sharded_table WHERE id = $1;
ERROR:  PREPARE commands on distributed tables are unsupported
